
> management-system@1.0.0 start
> concurrently --kill-others-on-fail --prefix-colors "cyan,magenta" --names "BACKEND,FRONTEND" "npm run backend" "npm run frontend"

[BACKEND] 
[BACKEND] > management-system@1.0.0 backend
[BACKEND] > cd backend/public && php -d upload_max_filesize=50M -d post_max_size=50M -S 0.0.0.0:8000 ../vendor/laravel/framework/src/Illuminate/Foundation/resources/server.php
[BACKEND] 
[FRONTEND] 
[FRONTEND] > management-system@1.0.0 frontend
[FRONTEND] > cd frontend && npm run dev
[FRONTEND] 
[BACKEND] [Sat Aug 22 13:14:22 2026] PHP 8.3.30 Development Server (http://0.0.0.0:8000) started
[FRONTEND] 
[FRONTEND] > frontend@0.0.0 dev
[FRONTEND] > concurrently --kill-others-on-fail --prefix-colors "cyan,magenta" --names "BACKEND,FRONTEND" "npm run backend" "npm run dev-server"
[FRONTEND] 
[FRONTEND] [BACKEND] 
[FRONTEND] [BACKEND] > frontend@0.0.0 backend
[FRONTEND] [BACKEND] > cd ../backend/public && php -d upload_max_filesize=50M -d post_max_size=50M -S 0.0.0.0:8000 ../vendor/laravel/framework/src/Illuminate/Foundation/resources/server.php
[FRONTEND] [BACKEND] 
[FRONTEND] [FRONTEND] 
[FRONTEND] [FRONTEND] > frontend@0.0.0 dev-server
[FRONTEND] [FRONTEND] > vite
[FRONTEND] [FRONTEND] 
[FRONTEND] [BACKEND] [Sat Aug 22 13:14:23 2026] PHP 8.3.30 Development Server (http://0.0.0.0:8000) started
[FRONTEND] [FRONTEND] Port 5173 is in use, trying another one...
[FRONTEND] [FRONTEND] 
[FRONTEND] [FRONTEND]   VITE v7.3.1  ready in 376 ms
[FRONTEND] [FRONTEND] 
[FRONTEND] [FRONTEND]   ➜  Local:   http://localhost:5174/
[FRONTEND] [FRONTEND]   ➜  Network: http://192.168.0.127:5174/
[FRONTEND] [FRONTEND]   ➜  Network: http://192.168.137.1:5174/
[FRONTEND] [FRONTEND]   ➜  Network: http://192.168.87.1:5174/
[FRONTEND] [FRONTEND] 1:18:25 PM [vite] (client) hmr update /src/components/ui/Modal.jsx
[FRONTEND] [FRONTEND] 1:18:25 PM [vite] (client) hmr update /src/pages/MenuManagement.jsx
[FRONTEND] [FRONTEND] 1:18:25 PM [vite] (client) hmr update /src/index.css
[FRONTEND] [FRONTEND] 1:19:15 PM [vite] (client) hmr update /src/index.css
[FRONTEND] [FRONTEND] 1:22:49 PM [vite] (client) hmr update /src/pages/MenuManagement.jsx
[FRONTEND] [FRONTEND] 1:22:49 PM [vite] (client) hmr update /src/index.css
[FRONTEND] [FRONTEND] 1:25:13 PM [vite] (client) hmr update /src/pages/MenuManagement.jsx
[FRONTEND] [FRONTEND] 1:25:13 PM [vite] (client) hmr update /src/index.css
[FRONTEND] [FRONTEND] 1:30:04 PM [vite] (client) hmr update /src/pages/Expenses.jsx
[FRONTEND] [FRONTEND] 1:30:04 PM [vite] (client) hmr update /src/index.css
[FRONTEND] [FRONTEND] 1:30:36 PM [vite] (client) hmr update /src/index.css
[FRONTEND] [FRONTEND] 1:34:07 PM [vite] (client) hmr update /src/pages/Expenses.jsx
[FRONTEND] [FRONTEND] 1:34:59 PM [vite] (client) hmr update /src/index.css
[FRONTEND] [FRONTEND] 1:35:30 PM [vite] (client) hmr update /src/index.css
[FRONTEND] [FRONTEND] 1:39:05 PM [vite] (client) hmr update /src/index.css
[FRONTEND] [FRONTEND] 1:39:16 PM [vite] (client) hmr update /src/index.css
[FRONTEND] [FRONTEND] 1:47:16 PM [vite] (client) hmr update /src/pages/Reports.jsx
[FRONTEND] [FRONTEND] 1:47:57 PM [vite] (client) hmr update /src/index.css
[FRONTEND] [FRONTEND] 1:53:35 PM [vite] (client) hmr update /src/pages/Sales.jsx
[FRONTEND] [FRONTEND] 1:53:42 PM [vite] (client) hmr update /src/index.css
[FRONTEND] [FRONTEND] 1:54:25 PM [vite] (client) hmr update /src/pages/Sales.jsx
[FRONTEND] [FRONTEND] 1:54:25 PM [vite] (client) hmr update /src/index.css
[FRONTEND] [FRONTEND] 2:33:08 PM [vite] (client) hmr update /src/pages/MenuManagement.jsx
[FRONTEND] [FRONTEND] 2:33:08 PM [vite] (client) hmr update /src/index.css
[FRONTEND] [FRONTEND] 2:33:16 PM [vite] (client) hmr update /src/index.css
[FRONTEND] [FRONTEND] 2:35:44 PM [vite] (client) hmr update /src/pages/MenuManagement.jsx
[FRONTEND] [FRONTEND] 2:36:39 PM [vite] (client) hmr update /src/index.css
[FRONTEND] [FRONTEND] 2:51:33 PM [vite] (client) hmr update /src/pages/MenuManagement.jsx
[FRONTEND] [FRONTEND] 2:51:33 PM [vite] (client) hmr update /src/index.css
[FRONTEND] [FRONTEND] 10:36:30 PM [vite] (client) hmr update /src/pages/Login.jsx
[FRONTEND] [FRONTEND] 10:36:30 PM [vite] (client) hmr update /src/index.css
[FRONTEND] [FRONTEND] 10:39:00 PM [vite] (client) hmr update /src/pages/Login.jsx
[FRONTEND] [FRONTEND] 10:39:00 PM [vite] (client) hmr update /src/index.css
[FRONTEND] [FRONTEND] 10:42:30 PM [vite] (client) hmr update /src/index.css
[FRONTEND] [FRONTEND] 10:49:53 PM [vite] (client) hmr update /src/pages/Dashboard.jsx
[FRONTEND] [FRONTEND] 10:49:53 PM [vite] (client) hmr update /src/index.css
[FRONTEND] [FRONTEND] 10:51:00 PM [vite] (client) hmr update /src/index.css
[FRONTEND] [FRONTEND] 10:59:08 PM [vite] (client) hmr update /src/pages/Dashboard.jsx
[FRONTEND] [FRONTEND] 10:59:08 PM [vite] (client) hmr update /src/index.css
[FRONTEND] [FRONTEND] 11:08:35 PM [vite] (client) hmr update /src/pages/MenuManagement.jsx
[FRONTEND] [FRONTEND] 11:08:35 PM [vite] (client) hmr update /src/index.css
[FRONTEND] [FRONTEND] 11:09:33 PM [vite] (client) hmr update /src/pages/MenuManagement.jsx
[FRONTEND] [FRONTEND] 11:25:30 PM [vite] (client) hmr update /src/pages/Inventory.jsx
[FRONTEND] [FRONTEND] 11:25:30 PM [vite] (client) hmr update /src/index.css
[FRONTEND] [FRONTEND] 7:16:29 AM [vite] (client) hmr update /src/pages/Inventory.jsx
[FRONTEND] [FRONTEND] 7:16:29 AM [vite] (client) hmr update /src/index.css
