
   INFO  Server running on [http://127.0.0.1:8001].  

  Press Ctrl+C to stop the server

  2026-09-10 19:44:29 /up ...................................................................................... ~ 1s
  2026-09-11 11:05:42 /api/notifications ................................................................. ~ 542.32ms
  2026-09-11 11:05:42 /api/settings ............................................................................ ~ 1s
  2026-09-11 11:05:43 /api/dashboard ..................................................................... ~ 561.55ms
  2026-09-11 11:05:46 /api/auth/login .................................................................... ~ 513.32ms
  2026-09-11 11:05:54 /api/auth/login .................................................................... ~ 520.30ms
  2026-09-11 11:05:54 /api/settings ........................................................................ ~ 1.14ms
  2026-09-11 11:05:55 /api/notifications ................................................................. ~ 540.07ms
  2026-09-11 11:05:55 /api/dashboard ..................................................................... ~ 586.42ms
  2026-09-11 11:06:06 /api/notifications ................................................................. ~ 505.73ms
  2026-09-11 11:06:19 /api/server-info ......................................................................... ~ 1s
  2026-09-11 11:06:19 /api/qr/table-links ...................................................................... ~ 1s
  2026-09-11 11:06:29 /api/qr/table-links ................................................................. ~ 13.42ms
  2026-09-11 11:06:29 /api/server-info ................................................................... ~ 525.04ms
  2026-09-11 11:06:39 /api/server-info ......................................................................... ~ 7s
  2026-09-11 11:06:39 /api/qr/table-links ...................................................................... ~ 8s
  2026-09-11 11:06:50 /api/qr/table-links ...................................................................... ~ 1s
  2026-09-11 11:06:50 /api/server-info ......................................................................... ~ 2s
  2026-09-11 11:06:55 /up ................................................................................. ~ 14.10ms
  2026-09-11 11:06:55 /api/notifications ....................................................................... ~ 2s
  2026-09-11 11:07:00 /api/qr/table-links ...................................................................... ~ 1s
  2026-09-11 11:07:00 /api/server-info ......................................................................... ~ 1s
  2026-09-11 11:07:01 /api/notifications ................................................................. ~ 517.69ms
  2026-09-11 11:07:09 /up .................................................................................. ~ 0.47ms
  2026-09-11 11:07:10 /api/qr/table-links .................................................................. ~ 0.50ms
  2026-09-11 11:07:10 /api/server-info ................................................................... ~ 512.88ms
  2026-09-11 11:07:20 /api/qr/table-links ...................................................................... ~ 1s
  2026-09-11 11:07:21 /api/server-info ......................................................................... ~ 1s
  2026-09-11 11:07:30 /api/qr/table-links ...................................................................... ~ 1s
  2026-09-11 11:07:31 /api/server-info ......................................................................... ~ 1s
  2026-09-11 11:07:40 /api/qr/table-links ...................................................................... ~ 1s
  2026-09-11 11:07:41 /api/server-info ......................................................................... ~ 1s
  2026-09-11 11:07:49 /api/notifications .................................................................. ~ 16.23ms
  2026-09-11 11:07:50 /api/qr/table-links ...................................................................... ~ 1s
  2026-09-11 11:07:50 /api/server-info ......................................................................... ~ 2s
  2026-09-11 11:07:55 /api/notifications ................................................................. ~ 522.26ms
  2026-09-11 11:08:00 /api/qr/table-links ...................................................................... ~ 1s
  2026-09-11 11:08:00 /api/server-info ......................................................................... ~ 2s
  2026-09-11 11:08:10 /api/qr/table-links ...................................................................... ~ 1s
  2026-09-11 11:08:10 /api/server-info ......................................................................... ~ 2s
  2026-09-11 11:08:20 /api/server-info ......................................................................... ~ 1s
  2026-09-11 11:08:20 /api/qr/table-links ...................................................................... ~ 3s
  2026-09-11 11:08:30 /api/qr/table-links ...................................................................... ~ 1s
  2026-09-11 11:08:31 /api/server-info ......................................................................... ~ 1s
  2026-09-11 11:08:40 /api/qr/table-links ................................................................ ~ 524.18ms
  2026-09-11 11:08:40 /api/server-info ......................................................................... ~ 1s
  2026-09-11 11:08:50 /api/qr/table-links ...................................................................... ~ 2s
  2026-09-11 11:08:50 /api/server-info ......................................................................... ~ 3s
  2026-09-11 11:08:55 /api/notifications ................................................................. ~ 527.22ms
  2026-09-11 11:09:42 /api/qr/table-links ...................................................................... ~ 1s
  2026-09-11 11:09:42 /api/server-info ......................................................................... ~ 2s
  2026-09-11 11:09:55 /api/notifications ................................................................... ~ 0.35ms
  2026-09-11 11:10:42 /api/qr/table-links ...................................................................... ~ 1s
  2026-09-11 11:10:42 /api/server-info ......................................................................... ~ 3s
  2026-09-11 11:10:55 /api/notifications ................................................................. ~ 517.57ms
  2026-09-11 11:11:42 /api/qr/table-links ...................................................................... ~ 1s
  2026-09-11 11:11:42 /api/server-info ......................................................................... ~ 2s
  2026-09-11 11:11:55 /api/notifications ................................................................... ~ 2.60ms
  2026-09-11 11:12:42 /api/qr/table-links ...................................................................... ~ 1s
  2026-09-11 11:12:42 /api/server-info ......................................................................... ~ 2s
  2026-09-11 11:13:42 /api/qr/table-links ...................................................................... ~ 1s
  2026-09-11 11:13:43 /api/server-info ......................................................................... ~ 1s
  2026-09-11 11:13:43 /api/notifications ....................................................................... ~ 1s
  2026-09-11 11:14:42 /api/qr/table-links ...................................................................... ~ 1s
  2026-09-11 11:14:42 /api/server-info ......................................................................... ~ 2s
  2026-09-11 11:14:43 /api/notifications ....................................................................... ~ 1s
  2026-09-11 11:15:42 /api/qr/table-links ...................................................................... ~ 1s
  2026-09-11 11:15:42 /api/server-info ......................................................................... ~ 2s
  2026-09-11 11:15:42 /api/notifications ....................................................................... ~ 3s
  2026-09-11 11:16:42 /api/qr/table-links ...................................................................... ~ 3s
  2026-09-11 11:16:42 /api/server-info ......................................................................... ~ 5s
  2026-09-11 11:16:42 /api/notifications ....................................................................... ~ 5s
  2026-09-11 11:17:42 /api/qr/table-links ...................................................................... ~ 1s
  2026-09-11 11:17:42 /api/server-info ......................................................................... ~ 2s
  2026-09-11 11:17:42 /api/notifications ....................................................................... ~ 2s
  2026-09-11 11:18:24 /api/notifications ................................................................. ~ 521.92ms
  2026-09-11 11:18:24 /api/qr/table-links ...................................................................... ~ 1s
  2026-09-11 11:18:24 /api/server-info ......................................................................... ~ 2s
  2026-09-11 11:18:25 /api/notifications ....................................................................... ~ 1s
  2026-09-11 11:18:29 /api/qr/table-links ...................................................................... ~ 1s
  2026-09-11 11:18:31 /api/server-info ......................................................................... ~ 1s
  2026-09-11 11:18:39 /api/qr/table-links ...................................................................... ~ 1s
  2026-09-11 11:18:39 /api/server-info ......................................................................... ~ 1s
  2026-09-11 11:18:49 /api/qr/table-links ...................................................................... ~ 1s
  2026-09-11 11:18:49 /api/server-info ......................................................................... ~ 2s
  2026-09-11 11:18:51 /menu.html?table=14&qr=12AP8WPXIy4ahIXEryg35M ............................................ ~ 1s
  2026-09-11 11:18:52 /fonts/fonts.css ..................................................................... ~ 3.86ms
  2026-09-11 11:18:53 /api/table-status/14 ................................................................. ~ 0.70ms
  2026-09-11 11:18:53 /fonts/nuFiD-vYSZviVYUb_rj3ij__anPXDTzYgA.woff2 ...................................... ~ 7.05ms
  2026-09-11 11:18:53 /api/menu .......................................................................... ~ 552.95ms
  2026-09-11 11:18:53 /fonts/UcC73FwrK3iLTeHuS_nVMrMxCp50SjIa1ZL7.woff2 .................................. ~ 564.73ms
  2026-09-11 11:18:53 /welcome-bg.jpg .................................................................... ~ 569.55ms
  2026-09-11 11:18:54 /api/notifications ................................................................. ~ 523.11ms
  2026-09-11 11:18:55 /storage/menu-items/thumbnails/coca_cola_original_taste.webp ......................... ~ 0.66ms
  2026-09-11 11:18:55 /storage/menu-items/thumbnails/soda_water.webp ....................................... ~ 2.59ms
  2026-09-11 11:18:55 /storage/menu-items/thumbnails/coca_cola_zero_sugar.webp ............................ ~ 10.44ms
  2026-09-11 11:18:55 /menu-sw.js ......................................................................... ~ 12.28ms
  2026-09-11 11:18:55 /favicon.ico ......................................................................... ~ 0.76ms
  2026-09-11 11:18:55 /storage/menu-items/thumbnails/royal_tru_orange.webp ................................. ~ 0.45ms
  2026-09-11 11:18:55 /storage/menu-items/thumbnails/tonic_water.webp ...................................... ~ 1.51ms
  2026-09-11 11:18:55 /storage/menu-items/thumbnails/sprite.webp ........................................... ~ 0.45ms
  2026-09-11 11:18:55 /storage/menu-items/thumbnails/missin_you.webp ....................................... ~ 0.87ms
  2026-09-11 11:18:55 /storage/menu-items/thumbnails/the_hungry_caveman.webp ............................... ~ 0.58ms
  2026-09-11 11:18:55 /storage/menu-items/thumbnails/bento_cakes.webp ...................................... ~ 3.36ms
  2026-09-11 11:18:55 /storage/menu-items/thumbnails/bluebrry_cheesecake.webp .............................. ~ 5.21ms
  2026-09-11 11:18:55 /storage/menu-items/thumbnails/british_gentlemen.webp ................................ ~ 4.55ms
  2026-09-11 11:18:55 /storage/menu-items/thumbnails/cinnamon_roll.webp .................................... ~ 0.42ms
  2026-09-11 11:18:55 /fonts/fonts.css ..................................................................... ~ 0.25ms
  2026-09-11 11:18:55 /menu.html ........................................................................... ~ 0.16ms
  2026-09-11 11:18:55 /storage/menu-items/thumbnails/n_y_cheesecake.webp ................................... ~ 0.37ms
  2026-09-11 11:18:55 /storage/menu-items/thumbnails/classic_croissant.webp ................................ ~ 0.17ms
  2026-09-11 11:18:56 /storage/menu-items/thumbnails/pain_au_chocolait.webp ................................ ~ 0.39ms
  2026-09-11 11:18:56 /storage/menu-items/thumbnails/portuguese_egg_tart.webp .............................. ~ 0.17ms
  2026-09-11 11:18:56 /storage/menu-items/thumbnails/tiramisu_cake.webp .................................. ~ 511.03ms
  2026-09-11 11:18:56 /storage/menu-items/thumbnails/sultans_time.webp ..................................... ~ 0.75ms
  2026-09-11 11:18:56 /storage/menu-items/thumbnails/g_i_joes.webp ......................................... ~ 1.34ms
  2026-09-11 11:18:56 /storage/menu-items/thumbnails/coca_cola_original_taste.webp ......................... ~ 1.50ms
  2026-09-11 11:18:56 /storage/menu-items/thumbnails/coca_cola_zero_sugar.webp ............................. ~ 0.60ms
  2026-09-11 11:18:56 /storage/menu-items/thumbnails/royal_tru_orange.webp ................................. ~ 0.83ms
  2026-09-11 11:18:57 /storage/menu-items/thumbnails/soda_water.webp ....................................... ~ 0.87ms
  2026-09-11 11:18:57 /storage/menu-items/thumbnails/sprite.webp ........................................... ~ 1.43ms
  2026-09-11 11:18:57 /storage/menu-items/thumbnails/tonic_water.webp ...................................... ~ 2.55ms
  2026-09-11 11:18:57 /storage/menu-items/thumbnails/british_gentlemen.webp ................................ ~ 2.43ms
  2026-09-11 11:18:57 /storage/menu-items/thumbnails/the_hungry_caveman.webp ............................... ~ 5.63ms
  2026-09-11 11:18:57 /storage/menu-items/thumbnails/missin_you.webp ...................................... ~ 10.70ms
  2026-09-11 11:18:57 /storage/menu-items/thumbnails/bento_cakes.webp ...................................... ~ 3.79ms
  2026-09-11 11:18:57 /storage/menu-items/thumbnails/bluebrry_cheesecake.webp .............................. ~ 0.27ms
  2026-09-11 11:18:57 /storage/menu-items/thumbnails/the_blind_curve.webp .................................. ~ 0.33ms
  2026-09-11 11:18:57 /storage/menu-items/thumbnails/surfy_turfy.webp ...................................... ~ 0.34ms
  2026-09-11 11:18:57 /storage/menu-items/thumbnails/cinnamon_roll.webp .................................... ~ 6.11ms
  2026-09-11 11:18:58 /storage/menu-items/thumbnails/classic_croissant.webp ................................ ~ 0.36ms
  2026-09-11 11:18:58 /storage/menu-items/thumbnails/n_y_cheesecake.webp ................................... ~ 8.00ms
  2026-09-11 11:18:58 /storage/menu-items/thumbnails/portuguese_egg_tart.webp .............................. ~ 2.84ms
  2026-09-11 11:18:58 /storage/menu-items/thumbnails/pain_au_chocolait.webp ................................ ~ 0.32ms
  2026-09-11 11:18:58 /storage/menu-items/thumbnails/tiramisu_cake.webp .................................... ~ 1.09ms
  2026-09-11 11:18:59 /storage/menu-items/thumbnails/g_i_joes.webp ......................................... ~ 0.51ms
  2026-09-11 11:18:59 /storage/menu-items/thumbnails/sultans_time.webp ..................................... ~ 0.70ms
  2026-09-11 11:18:59 /storage/menu-items/thumbnails/blue_freeze.webp ...................................... ~ 0.17ms
  2026-09-11 11:18:59 /storage/menu-items/thumbnails/margarita.webp ........................................ ~ 0.23ms
  2026-09-11 11:18:59 /storage/menu-items/thumbnails/me_vin_peach_stops.webp ............................... ~ 0.66ms
  2026-09-11 11:18:59 /storage/menu-items/thumbnails/mojito.webp ........................................... ~ 0.16ms
  2026-09-11 11:18:59 /storage/menu-items/thumbnails/rainbow_paradise.webp ................................. ~ 0.11ms
  2026-09-11 11:18:59 /storage/menu-items/thumbnails/sex_on_the_beach.webp ................................. ~ 2.04ms
  2026-09-11 11:18:59 /api/qr/table-links ...................................................................... ~ 1s
  2026-09-11 11:18:59 /api/server-info ......................................................................... ~ 2s
  2026-09-11 11:19:01 /api/menu ................................................................................ ~ 1s
  2026-09-11 11:19:02 /storage/menu-items/thumbnails/sunken_s_treasure.webp .............................. ~ 567.13ms
  2026-09-11 11:19:02 /storage/menu-items/thumbnails/tequila_sunrise.webp .................................. ~ 1.74ms
  2026-09-11 11:19:02 /storage/menu-items/thumbnails/mango_cake.webp ....................................... ~ 4.35ms
  2026-09-11 11:19:03 /storage/menu-items/thumbnails/sunken_s_treasure.webp ................................ ~ 0.63ms
  2026-09-11 11:19:03 /storage/menu-items/thumbnails/tequila_sunrise.webp .................................. ~ 5.35ms
  2026-09-11 11:19:03 /storage/menu-items/thumbnails/mango_pancake_stack.webp .............................. ~ 6.90ms
  2026-09-11 11:19:03 /storage/menu-items/thumbnails/pancake_stack.webp .................................... ~ 0.16ms
  2026-09-11 11:19:03 /storage/menu-items/thumbnails/mango_cake.webp ....................................... ~ 0.22ms
  2026-09-11 11:19:03 /storage/menu-items/thumbnails/rocking_bunny_pudding.webp ............................ ~ 0.13ms
  2026-09-11 11:19:03 /storage/menu-items/thumbnails/mango_pancake_stack.webp .............................. ~ 0.42ms
  2026-09-11 11:19:03 /storage/menu-items/thumbnails/shaved_ice.webp ....................................... ~ 0.11ms
  2026-09-11 11:19:03 /storage/menu-items/thumbnails/pancake_stack.webp .................................... ~ 0.10ms
  2026-09-11 11:19:03 /storage/menu-items/thumbnails/rocking_bunny_pudding.webp ............................ ~ 0.10ms
  2026-09-11 11:19:04 /storage/menu-items/thumbnails/beaten_lemon_tea.webp ................................. ~ 0.11ms
  2026-09-11 11:19:04 /storage/menu-items/thumbnails/four_season_tea.webp .................................. ~ 1.41ms
  2026-09-11 11:19:04 /storage/menu-items/thumbnails/shaved_ice.webp ....................................... ~ 0.13ms
  2026-09-11 11:19:04 /storage/menu-items/thumbnails/fresh_mango_lemon_tea.webp ............................ ~ 0.10ms
  2026-09-11 11:19:04 /storage/menu-items/thumbnails/beaten_lemon_tea.webp ................................. ~ 0.10ms
  2026-09-11 11:19:04 /storage/menu-items/thumbnails/four_season_tea.webp .................................. ~ 0.12ms
  2026-09-11 11:19:04 /storage/menu-items/thumbnails/flying_dream.webp ..................................... ~ 0.11ms
  2026-09-11 11:19:04 /storage/menu-items/thumbnails/fresh_mango_lemon_tea.webp ............................ ~ 2.56ms
  2026-09-11 11:19:04 /storage/menu-items/thumbnails/paella_paella.webp .................................... ~ 0.54ms
  2026-09-11 11:19:04 /storage/menu-items/thumbnails/seafood_tom_yum_goong_soup.webp ....................... ~ 1.49ms
  2026-09-11 11:19:05 /storage/menu-items/thumbnails/flying_dream.webp ..................................... ~ 0.17ms
  2026-09-11 11:19:05 /storage/menu-items/thumbnails/paella_paella.webp .................................... ~ 0.23ms
  2026-09-11 11:19:05 /storage/menu-items/thumbnails/yellow_aurora.webp .................................... ~ 1.87ms
  2026-09-11 11:19:05 /storage/menu-items/thumbnails/seafood_tom_yum_goong_soup.webp ....................... ~ 0.13ms
  2026-09-11 11:19:05 /storage/menu-items/thumbnails/avocado_shake.webp ................................... ~ 29.81ms
  2026-09-11 11:19:05 /storage/menu-items/thumbnails/mango_shake.webp ..................................... ~ 59.02ms
  2026-09-11 11:19:05 /storage/menu-items/thumbnails/yellow_aurora.webp .................................... ~ 0.20ms
  2026-09-11 11:19:05 /storage/menu-items/thumbnails/watermelon_shake.webp ................................ ~ 10.27ms
  2026-09-11 11:19:05 /storage/menu-items/thumbnails/mango_shake.webp .................................... ~ 505.10ms
  2026-09-11 11:19:05 /storage/menu-items/thumbnails/avocado_shake.webp .................................. ~ 506.21ms
  2026-09-11 11:19:05 /storage/menu-items/thumbnails/baby_squid_spagheti.webp .............................. ~ 0.12ms
  2026-09-11 11:19:05 /storage/menu-items/thumbnails/daylight_pesto_pasta.webp ............................. ~ 0.98ms
  2026-09-11 11:19:05 /storage/menu-items/thumbnails/watermelon_shake.webp ................................. ~ 0.10ms
  2026-09-11 11:19:05 /storage/menu-items/thumbnails/jjampong_pasta.webp ................................... ~ 0.10ms
  2026-09-11 11:19:06 /storage/menu-items/thumbnails/baby_squid_spagheti.webp .............................. ~ 0.10ms
  2026-09-11 11:19:06 /storage/menu-items/thumbnails/daylight_pesto_pasta.webp ............................. ~ 0.10ms
  2026-09-11 11:19:06 /storage/menu-items/thumbnails/midnight_seafood_pasta.webp ........................... ~ 0.10ms
  2026-09-11 11:19:06 /storage/menu-items/thumbnails/octopus_spaghetti.webp ................................ ~ 0.89ms
  2026-09-11 11:19:06 /storage/menu-items/thumbnails/jjampong_pasta.webp ................................... ~ 3.80ms
  2026-09-11 11:19:06 /storage/menu-items/thumbnails/rich_cream_pasta.webp ................................. ~ 0.31ms
  2026-09-11 11:19:06 /storage/menu-items/thumbnails/midnight_seafood_pasta.webp ........................... ~ 0.21ms
  2026-09-11 11:19:06 /storage/menu-items/thumbnails/shrimp_meets_rose_pasta.webp .......................... ~ 0.21ms
  2026-09-11 11:19:06 /storage/menu-items/thumbnails/octopus_spaghetti.webp ................................ ~ 0.19ms
  2026-09-11 11:19:06 /storage/menu-items/thumbnails/hawaiian_jalapeno_pizza.webp .......................... ~ 0.17ms
  2026-09-11 11:19:06 /storage/menu-items/thumbnails/rich_cream_pasta.webp ................................ ~ 16.46ms
  2026-09-11 11:19:06 /storage/menu-items/thumbnails/mango_shrimp_pizza.webp ............................... ~ 4.86ms
  2026-09-11 11:19:07 /storage/menu-items/thumbnails/shrimp_meets_rose_pasta.webp .......................... ~ 2.20ms
  2026-09-11 11:19:07 /storage/menu-items/thumbnails/pepperoni_pizza.webp .................................. ~ 1.97ms
  2026-09-11 11:19:07 /storage/menu-items/thumbnails/hawaiian_jalapeno_pizza.webp .......................... ~ 6.53ms
  2026-09-11 11:19:07 /storage/menu-items/thumbnails/mango_shrimp_pizza.webp ............................... ~ 2.84ms
  2026-09-11 11:19:07 /storage/menu-items/thumbnails/volcano_pizza.webp .................................... ~ 1.84ms
  2026-09-11 11:19:07 /storage/menu-items/thumbnails/baby_squid_rice_bowl.webp ............................. ~ 1.25ms
  2026-09-11 11:19:07 /storage/menu-items/thumbnails/pepperoni_pizza.webp .................................. ~ 1.58ms
  2026-09-11 11:19:07 /storage/menu-items/thumbnails/chick_bim_bowl.webp ................................... ~ 0.65ms
  2026-09-11 11:19:07 /api/menu .......................................................................... ~ 510.50ms
  2026-09-11 11:19:08 /storage/menu-items/thumbnails/volcano_pizza.webp .................................... ~ 0.21ms
  2026-09-11 11:19:08 /storage/menu-items/thumbnails/avo_smash.webp ........................................ ~ 1.45ms
  2026-09-11 11:19:08 /storage/menu-items/thumbnails/baby_squid_rice_bowl.webp ............................. ~ 2.58ms
  2026-09-11 11:19:08 /storage/menu-items/thumbnails/spicy_octopus_rice_bowl.webp .......................... ~ 2.13ms
  2026-09-11 11:19:08 /storage/menu-items/thumbnails/chick_bim_bowl.webp ................................... ~ 4.26ms
  2026-09-11 11:19:08 /storage/menu-items/thumbnails/avocado_shrimp.webp .................................. ~ 10.80ms
  2026-09-11 11:19:09 /storage/menu-items/thumbnails/spicy_octopus_rice_bowl.webp .......................... ~ 2.78ms
  2026-09-11 11:19:09 /storage/menu-items/thumbnails/avo_smash.webp ........................................ ~ 3.78ms
  2026-09-11 11:19:09 /storage/menu-items/thumbnails/hail_caesar.webp ...................................... ~ 0.24ms
  2026-09-11 11:19:09 /storage/menu-items/thumbnails/hello_salmon.webp ..................................... ~ 0.11ms
  2026-09-11 11:19:09 /storage/menu-items/thumbnails/spicy_octopus_rice_bowl.webp .......................... ~ 0.10ms
  2026-09-11 11:19:09 /storage/menu-items/thumbnails/shrimp_shady.webp ..................................... ~ 1.01ms
  2026-09-11 11:19:09 /storage/menu-items/thumbnails/avocado_shrimp.webp ................................... ~ 2.66ms
  2026-09-11 11:19:09 /storage/menu-items/thumbnails/avocado_shrimp.webp ................................... ~ 0.60ms
  2026-09-11 11:19:09 /storage/menu-items/thumbnails/hail_caesar.webp ...................................... ~ 0.12ms
  2026-09-11 11:19:09 /storage/menu-items/thumbnails/hello_salmon.webp ..................................... ~ 0.10ms
  2026-09-11 11:19:09 /storage/menu-items/thumbnails/comoda_bqq_platter.webp ............................... ~ 0.10ms
  2026-09-11 11:19:09 /storage/menu-items/thumbnails/salmon_garden.webp .................................... ~ 0.13ms
  2026-09-11 11:19:09 /storage/menu-items/thumbnails/shrimp_shady.webp ..................................... ~ 0.10ms
  2026-09-11 11:19:09 /storage/menu-items/thumbnails/hail_caesar.webp ...................................... ~ 0.11ms
  2026-09-11 11:19:09 /storage/menu-items/thumbnails/snowflake_cheese_shrimp.webp .......................... ~ 0.10ms
  2026-09-11 11:19:09 /storage/menu-items/thumbnails/hello_salmon.webp ..................................... ~ 0.10ms
  2026-09-11 11:19:09 /api/qr/table-links ...................................................................... ~ 1s
  2026-09-11 11:19:09 /api/server-info ......................................................................... ~ 1s
  2026-09-11 11:19:10 /storage/menu-items/thumbnails/comoda_bqq_platter.webp ............................. ~ 515.14ms
  2026-09-11 11:19:11 /storage/menu-items/thumbnails/shrimp_shady.webp ..................................... ~ 1.27ms
  2026-09-11 11:19:11 /storage/menu-items/thumbnails/tender_timbers.webp ................................... ~ 2.54ms
  2026-09-11 11:19:11 /storage/menu-items/thumbnails/coconut_smoothe.webp .................................. ~ 3.79ms
  2026-09-11 11:19:11 /storage/menu-items/thumbnails/snowflake_cheese_shrimp.webp .......................... ~ 5.01ms
  2026-09-11 11:19:11 /storage/menu-items/thumbnails/cookiees_cream_smnoothe.webp .......................... ~ 4.66ms
  2026-09-11 11:19:11 /storage/menu-items/thumbnails/comoda_bqq_platter.webp ............................... ~ 3.35ms
  2026-09-11 11:19:11 /storage/menu-items/thumbnails/snowflake_cheese_shrimp.webp .......................... ~ 3.78ms
  2026-09-11 11:19:12 /storage/menu-items/thumbnails/cucumber_smoothe.webp ................................. ~ 0.18ms
  2026-09-11 11:19:12 /storage/menu-items/thumbnails/tender_timbers.webp ................................... ~ 1.38ms
  2026-09-11 11:19:12 /storage/menu-items/thumbnails/cookiees_cream_smnoothe.webp ........................ ~ 561.68ms
  2026-09-11 11:19:12 /storage/menu-items/thumbnails/mango_smoothe.webp .................................. ~ 613.95ms
  2026-09-11 11:19:12 /storage/menu-items/thumbnails/strawberry_smoothe.webp .............................. ~ 14.88ms
  2026-09-11 11:19:12 /storage/menu-items/thumbnails/comoda_streak_frites.webp ............................ ~ 37.39ms
  2026-09-11 11:19:12 /storage/menu-items/thumbnails/watermelon_smoothe.webp .............................. ~ 62.46ms
  2026-09-11 11:19:13 /storage/menu-items/thumbnails/mango_smoothe.webp .................................... ~ 0.31ms
  2026-09-11 11:19:13 /storage/menu-items/thumbnails/cucumber_smoothe.webp ................................ ~ 31.85ms
  2026-09-11 11:19:13 /storage/menu-items/thumbnails/tender_timbers.webp .................................. ~ 33.01ms
  2026-09-11 11:19:13 /storage/menu-items/thumbnails/comoda_streak_frites.webp ............................. ~ 0.19ms
  2026-09-11 11:19:13 /storage/menu-items/thumbnails/watermelon_smoothe.webp ............................... ~ 1.22ms
  2026-09-11 11:19:13 /storage/menu-items/thumbnails/watermelon_smoothe.webp ............................... ~ 5.07ms
  2026-09-11 11:19:13 /storage/menu-items/thumbnails/comoda_streak_frites.webp ............................. ~ 6.12ms
  2026-09-11 11:19:13 /api/menu ............................................................................ ~ 0.10ms
  2026-09-11 11:19:19 /api/menu ............................................................................ ~ 4.37ms
  2026-09-11 11:19:19 /api/qr/table-links ...................................................................... ~ 1s
  2026-09-11 11:19:19 /api/server-info ......................................................................... ~ 2s
  2026-09-11 11:19:24 /api/menu ............................................................................ ~ 2.71ms
  2026-09-11 11:19:29 /api/qr/table-links ...................................................................... ~ 1s
  2026-09-11 11:19:29 /api/server-info ......................................................................... ~ 2s
  2026-09-11 11:19:31 /api/menu ................................................................................ ~ 1s
  2026-09-11 11:19:37 /api/menu ............................................................................ ~ 2.89ms
  2026-09-11 11:19:39 /api/qr/table-links ...................................................................... ~ 1s
  2026-09-11 11:19:39 /api/server-info ......................................................................... ~ 2s
  2026-09-11 11:19:43 /api/menu ............................................................................ ~ 2.80ms
  2026-09-11 11:19:49 /api/menu ............................................................................ ~ 3.44ms
  2026-09-11 11:19:49 /api/qr/table-links ................................................................ ~ 516.80ms
  2026-09-11 11:19:49 /api/server-info ......................................................................... ~ 1s
  2026-09-11 11:19:54 /api/notifications ................................................................. ~ 549.06ms
  2026-09-11 11:19:56 /api/menu ............................................................................ ~ 2.66ms
  2026-09-11 11:19:59 /api/qr/table-links ...................................................................... ~ 1s
  2026-09-11 11:19:59 /api/server-info ......................................................................... ~ 2s
  2026-09-11 11:20:02 /api/menu .......................................................................... ~ 513.93ms
  2026-09-11 11:20:08 /api/menu ............................................................................ ~ 0.33ms
  2026-09-11 11:20:09 /api/qr/table-links ...................................................................... ~ 1s
  2026-09-11 11:20:09 /api/server-info ......................................................................... ~ 2s
  2026-09-11 11:20:14 /api/menu ............................................................................ ~ 2.59ms
  2026-09-11 11:20:17 /api/notifications ................................................................. ~ 508.44ms
  2026-09-11 11:20:19 /api/menu .......................................................................... ~ 513.01ms
  2026-09-11 11:20:20 /api/qr/table-links ...................................................................... ~ 1s
  2026-09-11 11:20:20 /api/server-info ......................................................................... ~ 2s
  2026-09-11 11:20:25 /api/menu ............................................................................ ~ 0.75ms
  2026-09-11 11:20:30 /api/qr/table-links ...................................................................... ~ 1s
  2026-09-11 11:20:30 /api/server-info ......................................................................... ~ 2s
  2026-09-11 11:20:31 /api/menu ................................................................................ ~ 1s
  2026-09-11 11:20:38 /api/menu ............................................................................ ~ 3.10ms
  2026-09-11 11:20:40 /api/qr/table-links ...................................................................... ~ 1s
  2026-09-11 11:20:41 /api/server-info ................................................................... ~ 511.19ms
  2026-09-11 11:20:44 /api/menu .......................................................................... ~ 513.90ms
  2026-09-11 11:20:49 /api/menu ............................................................................ ~ 2.67ms
  2026-09-11 11:20:50 /api/qr/table-links ...................................................................... ~ 1s
  2026-09-11 11:20:51 /api/server-info ................................................................... ~ 510.12ms
  2026-09-11 11:20:55 /api/menu ............................................................................ ~ 0.45ms
  2026-09-11 11:20:55 /api/notifications ................................................................. ~ 519.04ms
  2026-09-11 11:21:00 /api/qr/table-links ...................................................................... ~ 1s
  2026-09-11 11:21:00 /api/server-info ......................................................................... ~ 2s
  2026-09-11 11:21:01 /api/menu ................................................................................ ~ 1s
  2026-09-11 11:21:08 /api/menu .......................................................................... ~ 517.87ms
  2026-09-11 11:21:10 /api/qr/table-links ...................................................................... ~ 1s
  2026-09-11 11:21:11 /api/server-info ......................................................................... ~ 1s
  2026-09-11 11:21:13 /api/menu ............................................................................ ~ 5.92ms
  2026-09-11 11:21:19 /api/menu ............................................................................ ~ 8.52ms
  2026-09-11 11:21:25 /api/menu ............................................................................ ~ 2.81ms
  2026-09-11 11:21:30 /api/menu .......................................................................... ~ 506.02ms
  2026-09-11 11:21:36 /api/menu .......................................................................... ~ 517.97ms
  2026-09-11 11:21:42 /api/menu .......................................................................... ~ 508.13ms
  2026-09-11 11:21:42 /api/qr/table-links ...................................................................... ~ 1s
  2026-09-11 11:21:43 /api/server-info ......................................................................... ~ 1s
  2026-09-11 11:21:47 /api/menu ............................................................................ ~ 2.89ms
  2026-09-11 11:21:53 /api/menu .......................................................................... ~ 522.74ms
  2026-09-11 11:21:58 /api/menu ............................................................................ ~ 2.64ms
  2026-09-11 11:22:04 /api/menu ............................................................................ ~ 2.97ms
  2026-09-11 11:22:09 /api/menu ............................................................................ ~ 2.63ms
  2026-09-11 11:22:15 /api/menu .......................................................................... ~ 515.55ms
  2026-09-11 11:22:21 /api/menu .......................................................................... ~ 515.70ms
  2026-09-11 11:22:26 /api/menu .......................................................................... ~ 509.58ms
  2026-09-11 11:22:32 /api/menu ............................................................................ ~ 2.74ms
  2026-09-11 11:22:37 /api/menu ............................................................................ ~ 4.10ms
  2026-09-11 11:22:42 /api/qr/table-links ...................................................................... ~ 1s
  2026-09-11 11:22:43 /api/server-info ......................................................................... ~ 1s
  2026-09-11 11:22:43 /api/notifications ....................................................................... ~ 1s
  2026-09-11 11:22:44 /api/menu .......................................................................... ~ 550.70ms
  2026-09-11 11:22:50 /api/menu ............................................................................ ~ 2.60ms
  2026-09-11 11:22:56 /api/menu .......................................................................... ~ 170.96ms
  2026-09-11 11:23:01 /api/menu .......................................................................... ~ 517.42ms
  2026-09-11 11:23:07 /api/menu ........................................................................... ~ 13.35ms
  2026-09-11 11:23:13 /api/menu .......................................................................... ~ 513.85ms
  2026-09-11 11:23:18 /api/menu ........................................................................... ~ 11.40ms
  2026-09-11 11:23:24 /api/menu ............................................................................ ~ 2.71ms
  2026-09-11 11:23:29 /api/menu .......................................................................... ~ 520.72ms
  2026-09-11 11:23:35 /api/menu .......................................................................... ~ 519.92ms
  2026-09-11 11:23:40 /api/menu .......................................................................... ~ 520.11ms
  2026-09-11 11:23:42 /api/qr/table-links ................................................................ ~ 516.37ms
  2026-09-11 11:23:43 /api/server-info ......................................................................... ~ 1s
  2026-09-11 11:23:43 /api/notifications ....................................................................... ~ 1s
  2026-09-11 11:23:46 /api/menu ............................................................................ ~ 2.89ms
  2026-09-11 11:23:51 /api/menu ............................................................................ ~ 2.74ms
  2026-09-11 11:23:57 /api/menu .......................................................................... ~ 514.99ms
  2026-09-11 11:24:02 /api/menu ............................................................................ ~ 2.69ms
  2026-09-11 11:24:08 /api/menu ............................................................................ ~ 2.63ms
  2026-09-11 11:24:14 /api/menu ............................................................................ ~ 0.36ms
  2026-09-11 11:24:19 /api/menu ............................................................................ ~ 2.66ms
  2026-09-11 11:24:25 /api/menu .......................................................................... ~ 513.52ms
  2026-09-11 11:24:30 /api/menu .......................................................................... ~ 516.05ms
  2026-09-11 11:24:36 /api/menu .......................................................................... ~ 513.18ms
  2026-09-11 11:24:41 /api/menu ............................................................................ ~ 2.76ms
  2026-09-11 11:24:42 /api/qr/table-links .................................................................. ~ 4.08ms
  2026-09-11 11:24:42 /api/server-info ..................................................................... ~ 1.27ms
  2026-09-11 11:24:42 /api/notifications ................................................................. ~ 508.47ms
  2026-09-11 11:24:47 /api/menu ............................................................................ ~ 0.34ms
  2026-09-11 11:24:52 /api/menu ............................................................................ ~ 0.68ms
  2026-09-11 11:24:58 /api/menu .......................................................................... ~ 517.27ms
  2026-09-11 11:25:04 /api/menu .......................................................................... ~ 520.98ms
  2026-09-11 11:25:09 /api/menu .......................................................................... ~ 513.66ms
  2026-09-11 11:25:15 /api/menu ............................................................................ ~ 3.15ms
  2026-09-11 11:25:20 /api/menu ............................................................................ ~ 0.32ms
  2026-09-11 11:25:26 /api/menu .......................................................................... ~ 513.70ms
  2026-09-11 11:25:31 /api/menu .......................................................................... ~ 515.11ms
