{"level":"info","time":"2026-09-11T03:06:57Z","message":"Thank you for trying Cloudflare Tunnel. Doing so, without a Cloudflare account, is a quick way to experiment and try it out. However, be aware that these account-less Tunnels have no uptime guarantee, are subject to the Cloudflare Online Services Terms of Use (https://www.cloudflare.com/website-terms/), and Cloudflare reserves the right to investigate your use of Tunnels for violations of such terms. If you intend to use Tunnels in production you should use a pre-created named tunnel by following: https://developers.cloudflare.com/cloudflare-one/connections/connect-apps"}
{"level":"info","time":"2026-09-11T03:06:57Z","message":"Requesting new quick Tunnel on trycloudflare.com..."}
{"level":"info","time":"2026-09-11T03:07:02Z","message":"+--------------------------------------------------------------------------------------------+"}
{"level":"info","time":"2026-09-11T03:07:02Z","message":"|  Your quick Tunnel has been created! Visit it at (it may take some time to be reachable):  |"}
{"level":"info","time":"2026-09-11T03:07:02Z","message":"|  https://bios-monitoring-book-vital.trycloudflare.com                                      |"}
{"level":"info","time":"2026-09-11T03:07:02Z","message":"+--------------------------------------------------------------------------------------------+"}
{"level":"info","time":"2026-09-11T03:07:02Z","message":"Cannot determine default configuration path. No file [config.yml config.yaml] in [~/.cloudflared ~/.cloudflare-warp ~/cloudflare-warp]"}
{"level":"info","time":"2026-09-11T03:07:02Z","message":"Version 2026.6.1 (Checksum 5253e66f1f493c4e13539749f1aa86fd0c61e3072900fec29a44ba046a6d97e2)"}
{"level":"info","time":"2026-09-11T03:07:02Z","message":"GOOS: windows, GOVersion: go1.26.4, GoArch: amd64"}
{"level":"info","time":"2026-09-11T03:07:02Z","message":"Settings: map[ha-connections:1 logfile:C:\\Bryan Lee\\up\\Management System (3)\\Management System\\Management System\\runtime\\cloudflared.log loglevel:info p:http2 protocol:http2 url:http://127.0.0.1:8001]"}
{"level":"info","time":"2026-09-11T03:07:02Z","message":"cloudflared will not automatically update on Windows systems."}
{"level":"info","time":"2026-09-11T03:07:02Z","message":"Generated Connector ID: fee8652f-0589-4e57-8eb0-ac2615d9929b"}
{"level":"info","time":"2026-09-11T03:07:02Z","message":"Initial protocol http2"}
{"level":"info","time":"2026-09-11T03:07:02Z","message":"ICMP proxy will use 192.168.1.7 as source for IPv4"}
{"level":"info","time":"2026-09-11T03:07:02Z","message":"ICMP proxy will use 2001:4454:6fd:b200:2dc3:cca:227d:9bef in zone Wi-Fi as source for IPv6"}
{"level":"info","time":"2026-09-11T03:07:02Z","message":"cloudflared does not support loading the system root certificate pool on Windows. Please use --origin-ca-pool <PATH> to specify the path to the certificate pool"}
{"level":"info","time":"2026-09-11T03:07:02Z","message":"ICMP proxy will use 192.168.1.7 as source for IPv4"}
{"level":"info","event":0,"ip":"198.41.200.63","connIndex":0,"time":"2026-09-11T03:07:02Z","message":"Tunnel connection curve preferences: [X25519MLKEM768 CurveID(65074) CurveP256]"}
{"level":"info","time":"2026-09-11T03:07:02Z","message":"ICMP proxy will use 2001:4454:6fd:b200:2dc3:cca:227d:9bef in zone Wi-Fi as source for IPv6"}
{"level":"info","time":"2026-09-11T03:07:02Z","message":"Starting metrics server on 127.0.0.1:20241/metrics"}
{"level":"info","event":0,"connection":"3b0221b2-09c9-4ae3-af87-7ff68de96d3c","connIndex":0,"location":"sin02","ip":"198.41.200.63","protocol":"http2","time":"2026-09-11T03:07:03Z","message":"Registered tunnel connection"}
{"level":"info","time":"2026-09-11T03:07:12Z","message":"+----------------------------------------------------------------------------------------------------+"}
{"level":"info","time":"2026-09-11T03:07:12Z","message":"|                                      CONNECTIVITY PRE-CHECKS                                       |"}
{"level":"info","time":"2026-09-11T03:07:12Z","message":"+----------------------------------------------------------------------------------------------------+"}
{"level":"info","time":"2026-09-11T03:07:12Z","message":"|  COMPONENT         TARGET                     STATUS  DETAILS                                      |"}
{"level":"info","time":"2026-09-11T03:07:12Z","message":"|  DNS Resolution    region1.v2.argotunnel.com  PASS    DNS Resolved successfully                    |"}
{"level":"info","time":"2026-09-11T03:07:12Z","message":"|  DNS Resolution    region2.v2.argotunnel.com  PASS    DNS Resolved successfully                    |"}
{"level":"info","time":"2026-09-11T03:07:12Z","message":"|  UDP Connectivity  region1.v2.argotunnel.com  PASS    QUIC connection successful                   |"}
{"level":"info","time":"2026-09-11T03:07:12Z","message":"|  UDP Connectivity  region2.v2.argotunnel.com  FAIL    QUIC connection failed                       |"}
{"level":"info","time":"2026-09-11T03:07:12Z","message":"|  TCP Connectivity  region1.v2.argotunnel.com  PASS    HTTP/2 connection successful                 |"}
{"level":"info","time":"2026-09-11T03:07:12Z","message":"|  TCP Connectivity  region2.v2.argotunnel.com  FAIL    HTTP/2 connection is blocked or unreachable  |"}
{"level":"info","time":"2026-09-11T03:07:12Z","message":"|  Cloudflare API    api.cloudflare.com:443     PASS    API is reachable                             |"}
{"level":"info","time":"2026-09-11T03:07:12Z","message":"|  ERROR: Allow outbound QUIC traffic on port 7844 or use HTTP2.                                     |"}
{"level":"info","time":"2026-09-11T03:07:12Z","message":"|  ERROR: Allow outbound TCP on port 7844.                                                           |"}
{"level":"info","time":"2026-09-11T03:07:12Z","message":"|                                                                                                    |"}
{"level":"info","time":"2026-09-11T03:07:12Z","message":"|  SUMMARY: Environment has critical failures. cloudflared may not be able to establish a tunnel.    |"}
{"level":"info","time":"2026-09-11T03:07:12Z","message":"+----------------------------------------------------------------------------------------------------+"}
{"level":"info","run_id":"c25226a6-fa43-44b2-bc72-26a29d6ba3b1","component":"DNS Resolution","target":"region1.v2.argotunnel.com","status":"pass","details":"DNS Resolved successfully","time":"2026-09-11T03:07:12Z","message":"precheck"}
{"level":"info","run_id":"c25226a6-fa43-44b2-bc72-26a29d6ba3b1","component":"DNS Resolution","target":"region2.v2.argotunnel.com","status":"pass","details":"DNS Resolved successfully","time":"2026-09-11T03:07:12Z","message":"precheck"}
{"level":"info","run_id":"c25226a6-fa43-44b2-bc72-26a29d6ba3b1","component":"UDP Connectivity","target":"region1.v2.argotunnel.com","status":"pass","details":"QUIC connection successful","time":"2026-09-11T03:07:12Z","message":"precheck"}
{"level":"info","run_id":"c25226a6-fa43-44b2-bc72-26a29d6ba3b1","component":"UDP Connectivity","target":"region2.v2.argotunnel.com","status":"fail","details":"QUIC connection failed","time":"2026-09-11T03:07:12Z","message":"precheck"}
{"level":"info","run_id":"c25226a6-fa43-44b2-bc72-26a29d6ba3b1","component":"TCP Connectivity","target":"region1.v2.argotunnel.com","status":"pass","details":"HTTP/2 connection successful","time":"2026-09-11T03:07:12Z","message":"precheck"}
{"level":"info","run_id":"c25226a6-fa43-44b2-bc72-26a29d6ba3b1","component":"TCP Connectivity","target":"region2.v2.argotunnel.com","status":"fail","details":"HTTP/2 connection is blocked or unreachable","time":"2026-09-11T03:07:12Z","message":"precheck"}
{"level":"info","run_id":"c25226a6-fa43-44b2-bc72-26a29d6ba3b1","component":"Cloudflare API","target":"api.cloudflare.com:443","status":"pass","details":"API is reachable","time":"2026-09-11T03:07:12Z","message":"precheck"}
{"level":"info","run_id":"c25226a6-fa43-44b2-bc72-26a29d6ba3b1","hard_fail":true,"time":"2026-09-11T03:07:12Z","message":"precheck complete"}
{"level":"info","time":"2026-09-11T03:25:37Z","message":"Initiating graceful shutdown due to signal terminated ..."}
{"level":"info","event":0,"connIndex":0,"ip":"198.41.200.63","time":"2026-09-11T03:25:37Z","message":"Unregistered tunnel connection"}
