2026-09-11T03:06:57Z INF Thank you for trying Cloudflare Tunnel. Doing so, without a Cloudflare account, is a quick way to experiment and try it out. However, be aware that these account-less Tunnels have no uptime guarantee, are subject to the Cloudflare Online Services Terms of Use (https://www.cloudflare.com/website-terms/), and Cloudflare reserves the right to investigate your use of Tunnels for violations of such terms. If you intend to use Tunnels in production you should use a pre-created named tunnel by following: https://developers.cloudflare.com/cloudflare-one/connections/connect-apps
2026-09-11T03:06:57Z INF Requesting new quick Tunnel on trycloudflare.com...
2026-09-11T03:07:02Z INF +--------------------------------------------------------------------------------------------+
2026-09-11T03:07:02Z INF |  Your quick Tunnel has been created! Visit it at (it may take some time to be reachable):  |
2026-09-11T03:07:02Z INF |  https://bios-monitoring-book-vital.trycloudflare.com                                      |
2026-09-11T03:07:02Z INF +--------------------------------------------------------------------------------------------+
2026-09-11T03:07:02Z INF Cannot determine default configuration path. No file [config.yml config.yaml] in [~/.cloudflared ~/.cloudflare-warp ~/cloudflare-warp]
2026-09-11T03:07:02Z INF Version 2026.6.1 (Checksum 5253e66f1f493c4e13539749f1aa86fd0c61e3072900fec29a44ba046a6d97e2)
2026-09-11T03:07:02Z INF GOOS: windows, GOVersion: go1.26.4, GoArch: amd64
2026-09-11T03:07:02Z INF Settings: map[ha-connections:1 logfile:C:\Bryan Lee\up\Management System (3)\Management System\Management System\runtime\cloudflared.log loglevel:info p:http2 protocol:http2 url:http://127.0.0.1:8001]
2026-09-11T03:07:02Z INF cloudflared will not automatically update on Windows systems.
2026-09-11T03:07:02Z INF Generated Connector ID: fee8652f-0589-4e57-8eb0-ac2615d9929b
2026-09-11T03:07:02Z INF Initial protocol http2
2026-09-11T03:07:02Z INF ICMP proxy will use 192.168.1.7 as source for IPv4
2026-09-11T03:07:02Z INF ICMP proxy will use 2001:4454:6fd:b200:2dc3:cca:227d:9bef in zone Wi-Fi as source for IPv6
2026-09-11T03:07:02Z INF cloudflared does not support loading the system root certificate pool on Windows. Please use --origin-ca-pool <PATH> to specify the path to the certificate pool
2026-09-11T03:07:02Z INF ICMP proxy will use 192.168.1.7 as source for IPv4
2026-09-11T03:07:02Z INF Tunnel connection curve preferences: [X25519MLKEM768 CurveID(65074) CurveP256] connIndex=0 event=0 ip=198.41.200.63
2026-09-11T03:07:02Z INF ICMP proxy will use 2001:4454:6fd:b200:2dc3:cca:227d:9bef in zone Wi-Fi as source for IPv6
2026-09-11T03:07:02Z INF Starting metrics server on 127.0.0.1:20241/metrics
2026-09-11T03:07:03Z INF Registered tunnel connection connIndex=0 connection=3b0221b2-09c9-4ae3-af87-7ff68de96d3c event=0 ip=198.41.200.63 location=sin02 protocol=http2
2026-09-11T03:07:12Z INF +----------------------------------------------------------------------------------------------------+
2026-09-11T03:07:12Z INF |                                      CONNECTIVITY PRE-CHECKS                                       |
2026-09-11T03:07:12Z INF +----------------------------------------------------------------------------------------------------+
2026-09-11T03:07:12Z INF |  COMPONENT         TARGET                     STATUS  DETAILS                                      |
2026-09-11T03:07:12Z INF |  DNS Resolution    region1.v2.argotunnel.com  PASS    DNS Resolved successfully                    |
2026-09-11T03:07:12Z INF |  DNS Resolution    region2.v2.argotunnel.com  PASS    DNS Resolved successfully                    |
2026-09-11T03:07:12Z INF |  UDP Connectivity  region1.v2.argotunnel.com  PASS    QUIC connection successful                   |
2026-09-11T03:07:12Z INF |  UDP Connectivity  region2.v2.argotunnel.com  FAIL    QUIC connection failed                       |
2026-09-11T03:07:12Z INF |  TCP Connectivity  region1.v2.argotunnel.com  PASS    HTTP/2 connection successful                 |
2026-09-11T03:07:12Z INF |  TCP Connectivity  region2.v2.argotunnel.com  FAIL    HTTP/2 connection is blocked or unreachable  |
2026-09-11T03:07:12Z INF |  Cloudflare API    api.cloudflare.com:443     PASS    API is reachable                             |
2026-09-11T03:07:12Z INF |  ERROR: Allow outbound QUIC traffic on port 7844 or use HTTP2.                                     |
2026-09-11T03:07:12Z INF |  ERROR: Allow outbound TCP on port 7844.                                                           |
2026-09-11T03:07:12Z INF |                                                                                                    |
2026-09-11T03:07:12Z INF |  SUMMARY: Environment has critical failures. cloudflared may not be able to establish a tunnel.    |
2026-09-11T03:07:12Z INF +----------------------------------------------------------------------------------------------------+
2026-09-11T03:07:12Z INF precheck component="DNS Resolution" details="DNS Resolved successfully" run_id=c25226a6-fa43-44b2-bc72-26a29d6ba3b1 status=pass target=region1.v2.argotunnel.com
2026-09-11T03:07:12Z INF precheck component="DNS Resolution" details="DNS Resolved successfully" run_id=c25226a6-fa43-44b2-bc72-26a29d6ba3b1 status=pass target=region2.v2.argotunnel.com
2026-09-11T03:07:12Z INF precheck component="UDP Connectivity" details="QUIC connection successful" run_id=c25226a6-fa43-44b2-bc72-26a29d6ba3b1 status=pass target=region1.v2.argotunnel.com
2026-09-11T03:07:12Z INF precheck component="UDP Connectivity" details="QUIC connection failed" run_id=c25226a6-fa43-44b2-bc72-26a29d6ba3b1 status=fail target=region2.v2.argotunnel.com
2026-09-11T03:07:12Z INF precheck component="TCP Connectivity" details="HTTP/2 connection successful" run_id=c25226a6-fa43-44b2-bc72-26a29d6ba3b1 status=pass target=region1.v2.argotunnel.com
2026-09-11T03:07:12Z INF precheck component="TCP Connectivity" details="HTTP/2 connection is blocked or unreachable" run_id=c25226a6-fa43-44b2-bc72-26a29d6ba3b1 status=fail target=region2.v2.argotunnel.com
2026-09-11T03:07:12Z INF precheck component="Cloudflare API" details="API is reachable" run_id=c25226a6-fa43-44b2-bc72-26a29d6ba3b1 status=pass target=api.cloudflare.com:443
2026-09-11T03:07:12Z INF precheck complete hard_fail=true run_id=c25226a6-fa43-44b2-bc72-26a29d6ba3b1
2026-09-11T03:25:37Z INF Initiating graceful shutdown due to signal terminated ...
2026-09-11T03:25:37Z INF Unregistered tunnel connection connIndex=0 event=0 ip=198.41.200.63
